[Licensing::Module] Trying to connect to existing licensing client channel...
Built from '6000.5/staging' branch; Version is '6000.5.0f1 (88b47c5e7076) revision 8959100'; Using compiler version '194234433'; Build Type 'Release'
[Licensing::IpcConnector] Successfully connected to: "LicenseClient-Filip" at "2026-08-05T19:19:37.7501371Z"
OS: 'Windows 10  (10.0.19045) 64bit Professional' Language: 'en' Physical Memory: 64640 MB
BatchMode: 1, IsHumanControllingUs: 0, StartBugReporterOnCrash: 0, Is64bit: 1
System  architecture: x64
Process architecture: x64
Date: 2026-08-05T19:19:37Z

COMMAND LINE ARGUMENTS:
D:\Software\Unity Installs\6000.5.0f1\Editor\Unity.exe
-adb2
-batchMode
-noUpm
-name
AssetImportWorkerHW2
-projectPath
D:/Projects/Kobold Collective/CardGameTakeHomeStarter
-logFile
Logs/AssetImportWorkerHW2.log
-srvPort
52344
-parentPid
152800
-analyticsCloudUserId
3573578210267
-analyticsCloudProjectId
1304c6e3-abd4-4b49-8156-dccc98aa1145
-analyticsLocalProjectId
1a724b6c99c414aacad9983827ba13a6
-licensingIpc
LicenseClient-Filip
-noDiagnosticSwitchPersistentStore
-job-worker-count
15
-background-job-worker-count
8
-asset-garbage-collectors
1
-force-d3d12
-name
AssetImport
Successfully changed project path to: D:/Projects/Kobold Collective/CardGameTakeHomeStarter
D:/Projects/Kobold Collective/CardGameTakeHomeStarter
[UnityMemory] Configuration Parameters - Can be set up in boot.config
    "memorysetup-temp-allocator-size-gi-baking-worker=262144"
    "memorysetup-temp-allocator-size-gi-baking-worker=262144"
    "memorysetup-temp-allocator-size-gi-baking-worker=262144"
    "memorysetup-temp-allocator-size-gi-baking-worker=262144"
    "memorysetup-temp-allocator-size-gi-baking-worker=262144"
    "memorysetup-temp-allocator-size-nav-mesh-worker=65536"
    "memorysetup-temp-allocator-size-audio-worker=65536"
    "memorysetup-temp-allocator-size-cloud-worker=32768"
    "memorysetup-temp-allocator-size-gfx=262144"
    "memorysetup-temp-allocator-size-preload-manager=33554432"
    "memorysetup-allocator-temp-initial-block-size-main=262144"
    "memorysetup-allocator-temp-initial-block-size-worker=262144"
    "memorysetup-temp-allocator-size-job-worker=262144"
    "memorysetup-temp-allocator-size-background-worker=32768"
    "memorysetup-bucket-allocator-granularity=16"
    "memorysetup-bucket-allocator-bucket-count=8"
    "memorysetup-bucket-allocator-block-size=33554432"
    "memorysetup-bucket-allocator-block-count=8"
    "memorysetup-main-allocator-block-size=16777216"
    "memorysetup-thread-allocator-block-size=16777216"
    "memorysetup-main-allocator-mimalloc-enabled=0"
    "memorysetup-gfx-main-allocator-block-size=16777216"
    "memorysetup-gfx-thread-allocator-block-size=16777216"
    "memorysetup-cache-allocator-block-size=4194304"
    "memorysetup-typetree-allocator-block-size=2097152"
    "memorysetup-profiler-bucket-allocator-granularity=16"
    "memorysetup-profiler-bucket-allocator-bucket-count=8"
    "memorysetup-profiler-bucket-allocator-block-size=33554432"
    "memorysetup-profiler-bucket-allocator-block-count=8"
    "memorysetup-profiler-allocator-block-size=16777216"
    "memorysetup-profiler-editor-allocator-block-size=1048576"
    "memorysetup-temp-allocator-size-main=16777216"
    "memorysetup-job-temp-allocator-block-size=2097152"
    "memorysetup-job-temp-allocator-block-size-background=1048576"
    "memorysetup-job-temp-allocator-reduction-small-platforms=262144"
Player connection [163740]  Target information:

Player connection [163740]  * "[IP] 10.0.0.10 [Port] 0 [Flags] 2 [Guid] 2799678545 [EditorId] 2799678545 [Version] 1048832 [Id] WindowsEditor(7,DESKTOP-LOE394D) [Debug] 1 [PackageName] WindowsEditor [ProjectName] Editor" 

Player connection [163740]  * "[IP] 172.18.224.1 [Port] 0 [Flags] 2 [Guid] 2799678545 [EditorId] 2799678545 [Version] 1048832 [Id] WindowsEditor(7,DESKTOP-LOE394D) [Debug] 1 [PackageName] WindowsEditor [ProjectName] Editor" 

Player connection [163740] Host joined multi-casting on [225.0.0.222:54997]...
Player connection [163740] Host joined alternative multi-casting on [225.0.0.222:34997]...
JobSystem: Creating JobQueue using job-worker-count value 15
Input System module state changed to: Initialized.
[Physics::Module] Initialized fallback backend.
[Physics::Module] Id: 0xdecafbad
Library Redirect Path: Library/
[Physics::Module] Selected backend.
[Physics::Module] Name: PhysX
[Physics::Module] Id: 0xf2b8ea05
[Physics::Module] SDK Version: 4.1.2
[Physics::Module] Integration Version: 1.0.0
[Physics::Module] Threading Mode: Multi-Threaded
Refreshing native plugins compatible for Editor in 2.17 ms, found 5 plugins.
Initialize engine version: 6000.5.0f1 (88b47c5e7076)
[Subsystems] Discovering subsystems at path D:/Software/Unity Installs/6000.5.0f1/Editor/Data/Resources/UnitySubsystems
[Subsystems] Discovering subsystems at path D:/Projects/Kobold Collective/CardGameTakeHomeStarter/Assets
Forcing GfxDevice: Direct3D 12
GfxDevice: creating device client; kGfxThreadingModeNonThreaded
[Licensing::Client] Error: HandshakeResponse reported an error:
	ResponseCode: 505
	ResponseStatus: Unsupported protocol version '1.18.1'.
[Licensing::Module] Error: Failed to handshake to channel: "LicenseClient-Filip"
[Licensing::IpcConnector] LicenseClient-Filip channel disconnected successfully.
[Licensing::IpcConnector] Successfully connected to: "LicenseClient-Filip-6000.5.0" at "2026-08-05T19:19:38.2470775Z"
[Licensing::Client] Code 10 while verifying Licensing Client signature (process Id: 147064, path: "D:/Software/Unity Installs/6000.5.0f1/Editor/Data/Resources/Licensing/Client/Unity.Licensing.Client.exe")
[Licensing::Module] LicensingClient has failed validation; ignoring
[Licensing::Client] Handshaking with LicensingClient:
  Version:                 1.18.1+9fbee8e
  Session Id:              625b4b4b50b748a98dd0b5dad580be89
  Correlation Id:          bcd0b9034ca66867d35565447fea9d3d
  External correlation Id: 7011372552518264878
  Machine Id:              WdbJyY1ohjOZjQBbuRdciEBLWqo=
[Licensing::Module] Successfully connected to LicensingClient on channel: "LicenseClient-Filip-6000.5.0" (connect: 0.00s, validation: 0.00s, handshake: 0.00s)
[Licensing::IpcConnector] Successfully connected to: "LicenseClient-Filip-6000.5.0-notifications" at "2026-08-05T19:19:38.2507439Z"
[Licensing::Module] Licensing Background thread has ended after 0.50s
d3d12: failed to query info queue interface (0x80004002).
Direct3D:
    Version:         Direct3D 12 [level 12.2]
    Renderer:        NVIDIA GeForce RTX 4070 Ti SUPER (ID=0x2689)
    Vendor:          NVIDIA
    VRAM:            16061 MB
    App VRAM Budget: 15293 MB
    Driver:          32.0.16.1062
Initialize mono
Mono path[0] = 'D:/Software/Unity Installs/6000.5.0f1/Editor/Data/Managed'
Mono path[1] = 'D:/Software/Unity Installs/6000.5.0f1/Editor/Data/BCLExtensions/runtime/netstandard2.1'
Mono path[2] = 'D:/Software/Unity Installs/6000.5.0f1/Editor/Data/MonoBleedingEdge/lib/mono/unityjit-win32'
Mono config path = 'D:/Software/Unity Installs/6000.5.0f1/Editor/Data/MonoBleedingEdge/etc'
Using monoOptions --debugger-agent=transport=dt_socket,embedding=1,server=y,suspend=n,address=127.0.0.1:56048
CodeReloadManager initialized
Begin MonoManager ReloadAssembly
Registering precompiled unity dll's ...
Register platform support module: D:/Software/Unity Installs/6000.5.0f1/Editor/Data/PlaybackEngines/WindowsStandaloneSupport/UnityEditor.WindowsStandalone.Extensions.dll
Registered in 0.000727 seconds.
Native extension for WindowsStandalone target not found
Package Manager log level set to [2]
[Package Manager] Failed to launch server process. Reason: Unity was launched with the -noUpm command-line argument
[Package Manager] Unable to send message (not connected to server process).
[Package Manager] Cannot connect to Unity Package Manager local server
ScheduleIndexationOnStartup MainProcess:False IndexOnStartup:True
Mono: successfully reloaded assembly
- Finished resetting the current domain, in  0.252 seconds
Domain Reload Profiling: 572ms
	BeginReloadAssembly (88ms)
	RebuildCommonClasses (4ms)
	RebuildNativeTypeToScriptingClass (12ms)
	initialDomainReloadingComplete (37ms)
	LoadAllAssembliesAndSetupDomain (179ms)
		LoadAssemblies (87ms)
		AnalyzeDomain (131ms)
			TypeCache.Refresh (130ms)
				TypeCache.ScanAssembly (121ms)
	FinalizeReload (254ms)
		SetupLoadedEditorAssemblies (0ms)
			BeforeProcessingInitializeOnLoad (62ms)
			ProcessInitializeOnLoadAttributes (64ms)
			ProcessInitializeOnLoadMethodAttributes (72ms)
Initializing Unity extensions:
[Licensing::Client] Successfully resolved entitlement details
[Licensing::Module] License group:
  Id: 3573578210267-UnityPersXXXX
  Product: Unity Personal
  Type: Assigned
  Expiration: Unlimited
Curl error 3: URL rejected: Malformed input to a URL function
========================================================================
Worker process is ready to serve import requests
Import Worker Mode flag is 0x00
Begin MonoManager ReloadAssembly
Native extension for WindowsStandalone target not found
[Package Manager] Failed to launch server process. Reason: Unity was launched with the -noUpm command-line argument
[Package Manager] Unable to send message (not connected to server process).
[Package Manager] Cannot connect to Unity Package Manager local server
[Package Manager] Failed to launch server process. Reason: Unity was launched with the -noUpm command-line argument
[Package Manager] Unable to send message (not connected to server process).
[Package Manager] Cannot connect to Unity Package Manager local server
ScheduleIndexationOnStartup MainProcess:False IndexOnStartup:True
Mono: successfully reloaded assembly
- Finished resetting the current domain, in  0.562 seconds
Domain Reload Profiling: 1139ms
	BeginReloadAssembly (120ms)
		DisableScriptedObjects (3ms)
		CreateAndSetChildDomain (22ms)
	RebuildCommonClasses (6ms)
	RebuildNativeTypeToScriptingClass (12ms)
	initialDomainReloadingComplete (30ms)
	LoadAllAssembliesAndSetupDomain (408ms)
		LoadAssemblies (215ms)
		AnalyzeDomain (181ms)
			TypeCache.Refresh (120ms)
				TypeCache.ScanAssembly (109ms)
			BuildScriptInfoCaches (54ms)
			ResolveRequiredComponents (5ms)
	FinalizeReload (563ms)
		SetupLoadedEditorAssemblies (0ms)
			BeforeProcessingInitializeOnLoad (63ms)
			ProcessInitializeOnLoadAttributes (219ms)
			ProcessInitializeOnLoadMethodAttributes (168ms)
AcceleratorClientConnectionCallback - disconnected - :0
Launched and connected shader compiler UnityShaderCompiler.exe after 0.01 seconds
Unloading 22 Unused Serialized files (Serialized files now loaded: 0)
Curl error 3: URL rejected: Malformed input to a URL function
Unloading 7158 unused Assets / (5.1 MB). Loaded Objects now: 8043.
Memory consumption went from 345.9 MB to 340.8 MB.
Total: 7.846200 ms (FindLiveObjects: 0.635300 ms CreateObjectMapping: 1.408600 ms MarkObjects: 4.084500 ms  DeleteObjects: 1.716400 ms)

========================================================================
Received Import Request.
  Time of request: 2026-08-05T19:19:49.8761549Z
  Time since last request: 755890.90891260001808 seconds.
  importAddress: GUID: 41d446528d4ff014eaef3a98ae20551d - Path: Assets/ScriptableObjects/Cards/8H.asset - Importer: PreviewImporter
Importing 'GUID: 41d446528d4ff014eaef3a98ae20551d - Path: Assets/ScriptableObjects/Cards/8H.asset - Importer: PreviewImporter' with importer (PreviewImporter)
Imported 'GUID: 41d446528d4ff014eaef3a98ae20551d' -> (Import Result ID: '0f804d3fbca3f538d0cb208ff9a1ed31') in 0.018 seconds [static and dynamic dependencies]. Details - ImportResultOutputID=5df29a9e7e5a2674b993249adac88b61 DependenciesID=64acd26aaeaf0fd262d539ca32c6f571 StaticDependenciesID=f408dc8e704738c97745af4fbb7e9045 
Number of updated asset objects reloaded before import = 0
Number of asset objects unloaded after import = 1
========================================================================
Received Import Request.
  Time of request: 2026-08-05T19:19:50.844374Z
  Time since last request: 0.9408681 seconds.
  importAddress: GUID: 41d446528d4ff014eaef3a98ae20551d - Path: Assets/ScriptableObjects/Cards/8H.asset - Importer: ScriptedImporter/UnityEditor.QuickSearchModule:UnityEditor.Search:ASIAI0B
Importing 'GUID: 41d446528d4ff014eaef3a98ae20551d - Path: Assets/ScriptableObjects/Cards/8H.asset - Importer: ScriptedImporter/UnityEditor.QuickSearchModule:UnityEditor.Search:ASIAI0B' with importer (ScriptedImporter : UnityEditor.QuickSearchModule:UnityEditor.Search:ASIAI0B)
Imported 'GUID: 41d446528d4ff014eaef3a98ae20551d' -> (Import Result ID: 'b6fc8bd27b892f27902385ccf57e3cf1') in 0.046 seconds [static and dynamic dependencies]. Details - ImportResultOutputID=285e92d4d97437dc931ac449ece31b20 DependenciesID=c2ebe1321af571d399bdcb04313805fb StaticDependenciesID=177e4936af3c6563e3c503896feac1b8 
Number of updated asset objects reloaded before import = 0
Number of asset objects unloaded after import = 1
========================================================================
Received Import Request.
  Time of request: 2026-08-05T19:19:57.8230011Z
  Time since last request: 6.9254913 seconds.
  importAddress: GUID: 39bf6f8f95b301a479f7e8cd481bf6a8 - Path: Assets/ScriptableObjects/Cards/9H.asset - Importer: PreviewImporter
Importing 'GUID: 39bf6f8f95b301a479f7e8cd481bf6a8 - Path: Assets/ScriptableObjects/Cards/9H.asset - Importer: PreviewImporter' with importer (PreviewImporter)
Imported 'GUID: 39bf6f8f95b301a479f7e8cd481bf6a8' -> (Import Result ID: 'dafb0477ca713758f42f446b94c49e64') in 0.001 seconds [static and dynamic dependencies]. Details - ImportResultOutputID=2401b46e74246c7789592a64df808686 DependenciesID=800e507f183b0a93a2f87a0fe75507b1 StaticDependenciesID=fc2a949ab6f7981870c99f93a5c44695 
Number of updated asset objects reloaded before import = 0
Number of asset objects unloaded after import = 1
========================================================================
Received Import Request.
  Time of request: 2026-08-05T19:19:58.787626Z
  Time since last request: 0.9571549 seconds.
  importAddress: GUID: 39bf6f8f95b301a479f7e8cd481bf6a8 - Path: Assets/ScriptableObjects/Cards/9H.asset - Importer: ScriptedImporter/UnityEditor.QuickSearchModule:UnityEditor.Search:ASIAI0B
Importing 'GUID: 39bf6f8f95b301a479f7e8cd481bf6a8 - Path: Assets/ScriptableObjects/Cards/9H.asset - Importer: ScriptedImporter/UnityEditor.QuickSearchModule:UnityEditor.Search:ASIAI0B' with importer (ScriptedImporter : UnityEditor.QuickSearchModule:UnityEditor.Search:ASIAI0B)
Imported 'GUID: 39bf6f8f95b301a479f7e8cd481bf6a8' -> (Import Result ID: '7bdca1ab3c8c04271eedc75b338a65a2') in 0.003 seconds [static and dynamic dependencies]. Details - ImportResultOutputID=b557e15b437b36e2fc1c5fa22d919014 DependenciesID=eb345aa563d08a4a314648931d9d56c4 StaticDependenciesID=e1de834e5526e9974433f93f15a79eca 
Number of updated asset objects reloaded before import = 0
Number of asset objects unloaded after import = 1
========================================================================
Received Import Request.
  Time of request: 2026-08-05T19:20:02.0223247Z
  Time since last request: 3.2252725 seconds.
  importAddress: GUID: 75e85b9a56b907d4aa1e4f0e1e686792 - Path: Assets/ScriptableObjects/Cards/10H.asset - Importer: PreviewImporter
Importing 'GUID: 75e85b9a56b907d4aa1e4f0e1e686792 - Path: Assets/ScriptableObjects/Cards/10H.asset - Importer: PreviewImporter' with importer (PreviewImporter)
Imported 'GUID: 75e85b9a56b907d4aa1e4f0e1e686792' -> (Import Result ID: '9d681f0538913cb0852237d5dc16c291') in 0.001 seconds [static and dynamic dependencies]. Details - ImportResultOutputID=ca1b768d5a2b8fd15bb37fa0cb0b3cf2 DependenciesID=9a6b94f19726266acb0d583d6da37fb2 StaticDependenciesID=a4141b8c6b8b96bd98b91b12e84ecbc1 
Number of updated asset objects reloaded before import = 0
Number of asset objects unloaded after import = 1
========================================================================
Received Import Request.
  Time of request: 2026-08-05T19:20:02.9980424Z
  Time since last request: 0.9678673 seconds.
  importAddress: GUID: 75e85b9a56b907d4aa1e4f0e1e686792 - Path: Assets/ScriptableObjects/Cards/10H.asset - Importer: ScriptedImporter/UnityEditor.QuickSearchModule:UnityEditor.Search:ASIAI0B
Importing 'GUID: 75e85b9a56b907d4aa1e4f0e1e686792 - Path: Assets/ScriptableObjects/Cards/10H.asset - Importer: ScriptedImporter/UnityEditor.QuickSearchModule:UnityEditor.Search:ASIAI0B' with importer (ScriptedImporter : UnityEditor.QuickSearchModule:UnityEditor.Search:ASIAI0B)
Imported 'GUID: 75e85b9a56b907d4aa1e4f0e1e686792' -> (Import Result ID: '97f931b183fb316f4d89bdf0cd178b5f') in 0.002 seconds [static and dynamic dependencies]. Details - ImportResultOutputID=d9dca1006cf20e374df8da7387d6cafd DependenciesID=af0854dcc92849070e966e3d916d98f7 StaticDependenciesID=44c1b9a2eaa98656d46c72dda019b984 
Number of updated asset objects reloaded before import = 0
Number of asset objects unloaded after import = 1
========================================================================
Received Import Request.
  Time of request: 2026-08-05T19:20:07.0408433Z
  Time since last request: 4.0337771 seconds.
  importAddress: GUID: 11948a6a957e68a45a2c3278e30c1adb - Path: Assets/ScriptableObjects/Cards/JH.asset - Importer: PreviewImporter
Importing 'GUID: 11948a6a957e68a45a2c3278e30c1adb - Path: Assets/ScriptableObjects/Cards/JH.asset - Importer: PreviewImporter' with importer (PreviewImporter)
Imported 'GUID: 11948a6a957e68a45a2c3278e30c1adb' -> (Import Result ID: '7b64a3ed3d76f02e44b7140a6567fcc5') in 0.001 seconds [static and dynamic dependencies]. Details - ImportResultOutputID=f34389d6f65c3d0564094f8350e2ab5d DependenciesID=9d14d422b3427d0e58ece762d6eff307 StaticDependenciesID=6c3131c769867ce02d693b56364692bf 
Number of updated asset objects reloaded before import = 0
Number of asset objects unloaded after import = 1
========================================================================
Received Import Request.
  Time of request: 2026-08-05T19:20:08.0060062Z
  Time since last request: 0.9572096 seconds.
  importAddress: GUID: 11948a6a957e68a45a2c3278e30c1adb - Path: Assets/ScriptableObjects/Cards/JH.asset - Importer: ScriptedImporter/UnityEditor.QuickSearchModule:UnityEditor.Search:ASIAI0B
Importing 'GUID: 11948a6a957e68a45a2c3278e30c1adb - Path: Assets/ScriptableObjects/Cards/JH.asset - Importer: ScriptedImporter/UnityEditor.QuickSearchModule:UnityEditor.Search:ASIAI0B' with importer (ScriptedImporter : UnityEditor.QuickSearchModule:UnityEditor.Search:ASIAI0B)
Imported 'GUID: 11948a6a957e68a45a2c3278e30c1adb' -> (Import Result ID: '17d4cc75ed59465299acf32f3f0eeeb0') in 0.002 seconds [static and dynamic dependencies]. Details - ImportResultOutputID=757a040d60525f5196fef81d11343ae9 DependenciesID=e09b86c932be8bbc27bbd47fec0d781f StaticDependenciesID=1296ccb2ffd021fc563563738f223236 
Number of updated asset objects reloaded before import = 0
Number of asset objects unloaded after import = 1
========================================================================
Received Import Request.
  Time of request: 2026-08-05T19:20:08.3457365Z
  Time since last request: 0.3308858 seconds.
  importAddress: GUID: b07cb24697a25ef428182ffd9fdc50ae - Path: Assets/ScriptableObjects/Cards/4H.asset - Importer: PreviewImporter
Importing 'GUID: b07cb24697a25ef428182ffd9fdc50ae - Path: Assets/ScriptableObjects/Cards/4H.asset - Importer: PreviewImporter' with importer (PreviewImporter)
Imported 'GUID: b07cb24697a25ef428182ffd9fdc50ae' -> (Import Result ID: 'dcd32ddffd0237544024a984e17bbf68') in 0.001 seconds [static and dynamic dependencies]. Details - ImportResultOutputID=cdd80d2c4fe8b452308e76e05aa054b7 DependenciesID=dcb626fa1a7ad9a1b9aecef45477347c StaticDependenciesID=25f3aab76b15f2bd9b013229f30b9378 
Number of updated asset objects reloaded before import = 0
Number of asset objects unloaded after import = 1
========================================================================
Received Import Request.
  Time of request: 2026-08-05T19:20:14.140574Z
  Time since last request: 5.786837 seconds.
  importAddress: GUID: 2fd445afe00f98f458e7dfd5439a4df2 - Path: Assets/ScriptableObjects/Cards/QH.asset - Importer: PreviewImporter
Importing 'GUID: 2fd445afe00f98f458e7dfd5439a4df2 - Path: Assets/ScriptableObjects/Cards/QH.asset - Importer: PreviewImporter' with importer (PreviewImporter)
Imported 'GUID: 2fd445afe00f98f458e7dfd5439a4df2' -> (Import Result ID: '1b9ed29dc8232043fa2bd6433e172423') in 0.001 seconds [static and dynamic dependencies]. Details - ImportResultOutputID=fd0194ba792a93ad73394f32c922550e DependenciesID=cfeff60ddda1b9b367987d31851f52e0 StaticDependenciesID=dc7ae2f8b0b228f0528e2d2a9d411e56 
Number of updated asset objects reloaded before import = 0
Number of asset objects unloaded after import = 1
========================================================================
Received Import Request.
  Time of request: 2026-08-05T19:20:15.1080636Z
  Time since last request: 0.9591162 seconds.
  importAddress: GUID: 2fd445afe00f98f458e7dfd5439a4df2 - Path: Assets/ScriptableObjects/Cards/QH.asset - Importer: ScriptedImporter/UnityEditor.QuickSearchModule:UnityEditor.Search:ASIAI0B
Importing 'GUID: 2fd445afe00f98f458e7dfd5439a4df2 - Path: Assets/ScriptableObjects/Cards/QH.asset - Importer: ScriptedImporter/UnityEditor.QuickSearchModule:UnityEditor.Search:ASIAI0B' with importer (ScriptedImporter : UnityEditor.QuickSearchModule:UnityEditor.Search:ASIAI0B)
Imported 'GUID: 2fd445afe00f98f458e7dfd5439a4df2' -> (Import Result ID: '6a2b616596730dd4d26ee5b8b54ab794') in 0.002 seconds [static and dynamic dependencies]. Details - ImportResultOutputID=9ca3779238232ae8732f70b943005434 DependenciesID=91b7355b95b243385fe5a8d51a8edf9a StaticDependenciesID=af2a391a80796c38c50436cc011a3d14 
Number of updated asset objects reloaded before import = 0
Number of asset objects unloaded after import = 1
========================================================================
Received Import Request.
  Time of request: 2026-08-05T19:20:18.8584032Z
  Time since last request: 3.7413278 seconds.
  importAddress: GUID: f7303ac8b2d8c114590d0762976a2cae - Path: Assets/ScriptableObjects/Cards/KH.asset - Importer: PreviewImporter
Importing 'GUID: f7303ac8b2d8c114590d0762976a2cae - Path: Assets/ScriptableObjects/Cards/KH.asset - Importer: PreviewImporter' with importer (PreviewImporter)
Imported 'GUID: f7303ac8b2d8c114590d0762976a2cae' -> (Import Result ID: 'a4bc122b61d492875be85e4f8bc5a3f1') in 0.001 seconds [static and dynamic dependencies]. Details - ImportResultOutputID=380fdb2e94ba245c563883b297666502 DependenciesID=e1b3246c58af320f53c33c3a32a91eb1 StaticDependenciesID=6ce955d1b9b0966e59c801310d2289c8 
Number of updated asset objects reloaded before import = 0
Number of asset objects unloaded after import = 1
========================================================================
Received Import Request.
  Time of request: 2026-08-05T19:20:19.8322981Z
  Time since last request: 0.9659444 seconds.
  importAddress: GUID: f7303ac8b2d8c114590d0762976a2cae - Path: Assets/ScriptableObjects/Cards/KH.asset - Importer: ScriptedImporter/UnityEditor.QuickSearchModule:UnityEditor.Search:ASIAI0B
Importing 'GUID: f7303ac8b2d8c114590d0762976a2cae - Path: Assets/ScriptableObjects/Cards/KH.asset - Importer: ScriptedImporter/UnityEditor.QuickSearchModule:UnityEditor.Search:ASIAI0B' with importer (ScriptedImporter : UnityEditor.QuickSearchModule:UnityEditor.Search:ASIAI0B)
Imported 'GUID: f7303ac8b2d8c114590d0762976a2cae' -> (Import Result ID: '62ab1d0800c88e65521280d04d05f5fc') in 0.002 seconds [static and dynamic dependencies]. Details - ImportResultOutputID=a04a0126b6979d793558a90e21b961c2 DependenciesID=662288571313f9322fd34ca01eccb0b2 StaticDependenciesID=ab429b32ea8fdc43c855da1e5649df07 
Number of updated asset objects reloaded before import = 0
Number of asset objects unloaded after import = 1
========================================================================
Received Import Request.
  Time of request: 2026-08-05T19:21:37.189858Z
  Time since last request: 77.3483244 seconds.
  importAddress: GUID: 5f16326d9dc15834380d5134adc8d8be - Path: Assets/ScriptableObjects/Cards/1H 1.asset - Importer: PreviewImporter
Importing 'GUID: 5f16326d9dc15834380d5134adc8d8be - Path: Assets/ScriptableObjects/Cards/1H 1.asset - Importer: PreviewImporter' with importer (PreviewImporter)
Imported 'GUID: 5f16326d9dc15834380d5134adc8d8be' -> (Import Result ID: '1cb1e42ea9eb6224bb88d45716bbe722') in 0.001 seconds [static and dynamic dependencies]. Details - ImportResultOutputID=8a74eabdff38f0694b51cea9b2988c57 DependenciesID=83d366dbfcbd6e135b61eea50f7e4603 StaticDependenciesID=66865087f8ca0e22ba43eacd723f02da 
Number of updated asset objects reloaded before import = 0
Number of asset objects unloaded after import = 1
========================================================================
Received Import Request.
  Time of request: 2026-08-05T19:21:38.1481984Z
  Time since last request: 0.9507214 seconds.
  importAddress: GUID: 6544e1058a6e18848ab5142d0cabde13 - Path: Assets/ScriptableObjects/Cards/6H 1.asset - Importer: ScriptedImporter/UnityEditor.QuickSearchModule:UnityEditor.Search:ASIAI0B
Importing 'GUID: 6544e1058a6e18848ab5142d0cabde13 - Path: Assets/ScriptableObjects/Cards/6H 1.asset - Importer: ScriptedImporter/UnityEditor.QuickSearchModule:UnityEditor.Search:ASIAI0B' with importer (ScriptedImporter : UnityEditor.QuickSearchModule:UnityEditor.Search:ASIAI0B)
Imported 'GUID: 6544e1058a6e18848ab5142d0cabde13' -> (Import Result ID: 'cc83b1f5ca1991f03fdbf9406e904aa9') in 0.002 seconds [static and dynamic dependencies]. Details - ImportResultOutputID=786e50c014561ad5157f5ceb01dcf3cf DependenciesID=6784bb37db434fbd36bd60f7504cd9b6 StaticDependenciesID=283400aa6eebe23149f49dece398faab 
Number of updated asset objects reloaded before import = 0
Number of asset objects unloaded after import = 1
========================================================================
Received Import Request.
  Time of request: 2026-08-05T19:21:38.1635025Z
  Time since last request: 0.0053941 seconds.
  importAddress: GUID: fa15943508611c248b28c14f07a5937d - Path: Assets/ScriptableObjects/Cards/3H 1.asset - Importer: ScriptedImporter/UnityEditor.QuickSearchModule:UnityEditor.Search:ASIAI0B
Importing 'GUID: fa15943508611c248b28c14f07a5937d - Path: Assets/ScriptableObjects/Cards/3H 1.asset - Importer: ScriptedImporter/UnityEditor.QuickSearchModule:UnityEditor.Search:ASIAI0B' with importer (ScriptedImporter : UnityEditor.QuickSearchModule:UnityEditor.Search:ASIAI0B)
Imported 'GUID: fa15943508611c248b28c14f07a5937d' -> (Import Result ID: '670ca982fec3251cd33326e440bab4a6') in 0.002 seconds [static and dynamic dependencies]. Details - ImportResultOutputID=dc18e8e77987772ac944e0ec45ee862e DependenciesID=9973011ef63a8d6ffcc96bf16d0b57f2 StaticDependenciesID=fb9dea72936ddc62c2fca258500d7e5f 
Number of updated asset objects reloaded before import = 0
Number of asset objects unloaded after import = 1
========================================================================
Received Import Request.
  Time of request: 2026-08-05T19:21:38.173496Z
  Time since last request: 0.0002613 seconds.
  importAddress: GUID: 9a585e1f8ae184549884f9a0b7df23e1 - Path: Assets/ScriptableObjects/Cards/KH 1.asset - Importer: ScriptedImporter/UnityEditor.QuickSearchModule:UnityEditor.Search:ASIAI0B
Importing 'GUID: 9a585e1f8ae184549884f9a0b7df23e1 - Path: Assets/ScriptableObjects/Cards/KH 1.asset - Importer: ScriptedImporter/UnityEditor.QuickSearchModule:UnityEditor.Search:ASIAI0B' with importer (ScriptedImporter : UnityEditor.QuickSearchModule:UnityEditor.Search:ASIAI0B)
Imported 'GUID: 9a585e1f8ae184549884f9a0b7df23e1' -> (Import Result ID: '4673d5922d34c6c9b3217cd3ea2a9436') in 0.002 seconds [static and dynamic dependencies]. Details - ImportResultOutputID=7d5583fb34503ac5fa25aa3d1a15db8f DependenciesID=476b74963a4b1f342f149b2486bd0992 StaticDependenciesID=e424d6c2465d3b8c4454dd35a04db8f7 
Number of updated asset objects reloaded before import = 0
Number of asset objects unloaded after import = 1
========================================================================
Received Import Request.
  Time of request: 2026-08-05T19:21:38.1827972Z
  Time since last request: 0.0003382 seconds.
  importAddress: GUID: 39bf6f8f95b301a479f7e8cd481bf6a8 - Path: Assets/ScriptableObjects/Cards/9H.asset - Importer: ScriptedImporter/UnityEditor.QuickSearchModule:UnityEditor.Search:ASIAI0B
Importing 'GUID: 39bf6f8f95b301a479f7e8cd481bf6a8 - Path: Assets/ScriptableObjects/Cards/9H.asset - Importer: ScriptedImporter/UnityEditor.QuickSearchModule:UnityEditor.Search:ASIAI0B' with importer (ScriptedImporter : UnityEditor.QuickSearchModule:UnityEditor.Search:ASIAI0B)
Imported 'GUID: 39bf6f8f95b301a479f7e8cd481bf6a8' -> (Import Result ID: '2be9cc19942b0e8d2b336cf8f8f9bd65') in 0.002 seconds [static and dynamic dependencies]. Details - ImportResultOutputID=394215c17b32b2389edf28bb42294f35 DependenciesID=ff438741d0281668773043e77d277194 StaticDependenciesID=9ee84c81aef3673528156669519d421c 
Number of updated asset objects reloaded before import = 0
Number of asset objects unloaded after import = 1
========================================================================
Received Import Request.
  Time of request: 2026-08-05T19:21:38.1925038Z
  Time since last request: 0.0002251 seconds.
  importAddress: GUID: 35e6a6345fe72494a97a52d7b765c52b - Path: Assets/ScriptableObjects/Cards/5H 1.asset - Importer: ScriptedImporter/UnityEditor.QuickSearchModule:UnityEditor.Search:ASIAI0B
Importing 'GUID: 35e6a6345fe72494a97a52d7b765c52b - Path: Assets/ScriptableObjects/Cards/5H 1.asset - Importer: ScriptedImporter/UnityEditor.QuickSearchModule:UnityEditor.Search:ASIAI0B' with importer (ScriptedImporter : UnityEditor.QuickSearchModule:UnityEditor.Search:ASIAI0B)
Imported 'GUID: 35e6a6345fe72494a97a52d7b765c52b' -> (Import Result ID: '0c579dd3e3eda7bf19f1db1e4494712a') in 0.003 seconds [static and dynamic dependencies]. Details - ImportResultOutputID=ee14d5253bf7d86caf378a73063bd143 DependenciesID=2116882cbd33cd1f1de55a96ae6ac3cd StaticDependenciesID=ed0649d458dd8b81f2c936c3f00164bc 
Number of updated asset objects reloaded before import = 0
Number of asset objects unloaded after import = 1
========================================================================
Received Import Request.
  Time of request: 2026-08-05T19:21:38.2023819Z
  Time since last request: 0.0002494 seconds.
  importAddress: GUID: 75e85b9a56b907d4aa1e4f0e1e686792 - Path: Assets/ScriptableObjects/Cards/10H.asset - Importer: ScriptedImporter/UnityEditor.QuickSearchModule:UnityEditor.Search:ASIAI0B
Importing 'GUID: 75e85b9a56b907d4aa1e4f0e1e686792 - Path: Assets/ScriptableObjects/Cards/10H.asset - Importer: ScriptedImporter/UnityEditor.QuickSearchModule:UnityEditor.Search:ASIAI0B' with importer (ScriptedImporter : UnityEditor.QuickSearchModule:UnityEditor.Search:ASIAI0B)
Imported 'GUID: 75e85b9a56b907d4aa1e4f0e1e686792' -> (Import Result ID: 'b4d397dec61f8c72c3f610eb1f16ba44') in 0.002 seconds [static and dynamic dependencies]. Details - ImportResultOutputID=34131750080b6b080b7177c3120f487e DependenciesID=165675dba12e7202e31eecedcbbdef93 StaticDependenciesID=a69a74dda63bd7a584034a5a3e94b4b1 
Number of updated asset objects reloaded before import = 0
Number of asset objects unloaded after import = 1
========================================================================
Received Import Request.
  Time of request: 2026-08-05T19:21:38.2119292Z
  Time since last request: 0.0002633 seconds.
  importAddress: GUID: 11948a6a957e68a45a2c3278e30c1adb - Path: Assets/ScriptableObjects/Cards/JH.asset - Importer: ScriptedImporter/UnityEditor.QuickSearchModule:UnityEditor.Search:ASIAI0B
Importing 'GUID: 11948a6a957e68a45a2c3278e30c1adb - Path: Assets/ScriptableObjects/Cards/JH.asset - Importer: ScriptedImporter/UnityEditor.QuickSearchModule:UnityEditor.Search:ASIAI0B' with importer (ScriptedImporter : UnityEditor.QuickSearchModule:UnityEditor.Search:ASIAI0B)
Imported 'GUID: 11948a6a957e68a45a2c3278e30c1adb' -> (Import Result ID: '598fb797f940bd5580dcc64134150726') in 0.002 seconds [static and dynamic dependencies]. Details - ImportResultOutputID=d4351239f0370f664a82522237c2e18e DependenciesID=2307a394e5e51fbb9b992e779560a73e StaticDependenciesID=8656890834b5d2f6734a1dcc618f28c7 
Number of updated asset objects reloaded before import = 0
Number of asset objects unloaded after import = 1
========================================================================
Received Import Request.
  Time of request: 2026-08-05T19:21:38.2217497Z
  Time since last request: 0.0003591 seconds.
  importAddress: GUID: 5d8f7f025a0f9d54ca562bc2e7c02ff7 - Path: Assets/ScriptableObjects/Cards/9H 1.asset - Importer: ScriptedImporter/UnityEditor.QuickSearchModule:UnityEditor.Search:ASIAI0B
Importing 'GUID: 5d8f7f025a0f9d54ca562bc2e7c02ff7 - Path: Assets/ScriptableObjects/Cards/9H 1.asset - Importer: ScriptedImporter/UnityEditor.QuickSearchModule:UnityEditor.Search:ASIAI0B' with importer (ScriptedImporter : UnityEditor.QuickSearchModule:UnityEditor.Search:ASIAI0B)
Imported 'GUID: 5d8f7f025a0f9d54ca562bc2e7c02ff7' -> (Import Result ID: 'ba9b4b866eea1945124437025bbe6cad') in 0.003 seconds [static and dynamic dependencies]. Details - ImportResultOutputID=2dbd6183071db2bc33a51cfa6024b70f DependenciesID=0a31a7b7bdf467bc8f006a3bef56bd59 StaticDependenciesID=e8eca398bc3df8e6002eb94432e00ddc 
Number of updated asset objects reloaded before import = 0
Number of asset objects unloaded after import = 1
========================================================================
Received Import Request.
  Time of request: 2026-08-05T19:21:38.231108Z
  Time since last request: 0.0001818 seconds.
  importAddress: GUID: d092a664050e4b14e8ef6477611a733e - Path: Assets/ScriptableObjects/Cards/5H.asset - Importer: ScriptedImporter/UnityEditor.QuickSearchModule:UnityEditor.Search:ASIAI0B
Importing 'GUID: d092a664050e4b14e8ef6477611a733e - Path: Assets/ScriptableObjects/Cards/5H.asset - Importer: ScriptedImporter/UnityEditor.QuickSearchModule:UnityEditor.Search:ASIAI0B' with importer (ScriptedImporter : UnityEditor.QuickSearchModule:UnityEditor.Search:ASIAI0B)
Imported 'GUID: d092a664050e4b14e8ef6477611a733e' -> (Import Result ID: '1ab62ac3779b48923b55dfa1058acd0b') in 0.002 seconds [static and dynamic dependencies]. Details - ImportResultOutputID=fb9f2e58dddd97feebca8ac32f623040 DependenciesID=90afe0f166599eacc728fab1824bd4c4 StaticDependenciesID=416dae2e9c2c0afd33da4bd8cba82db2 
Number of updated asset objects reloaded before import = 0
Number of asset objects unloaded after import = 1
========================================================================
Received Import Request.
  Time of request: 2026-08-05T19:21:38.2409673Z
  Time since last request: 0.0001897 seconds.
  importAddress: GUID: e24e42b5a4790ef49938029a5bcc5f16 - Path: Assets/ScriptableObjects/Cards/QH 1.asset - Importer: ScriptedImporter/UnityEditor.QuickSearchModule:UnityEditor.Search:ASIAI0B
Importing 'GUID: e24e42b5a4790ef49938029a5bcc5f16 - Path: Assets/ScriptableObjects/Cards/QH 1.asset - Importer: ScriptedImporter/UnityEditor.QuickSearchModule:UnityEditor.Search:ASIAI0B' with importer (ScriptedImporter : UnityEditor.QuickSearchModule:UnityEditor.Search:ASIAI0B)
Imported 'GUID: e24e42b5a4790ef49938029a5bcc5f16' -> (Import Result ID: '7218c82649ff438dc7c435eebe1173e7') in 0.002 seconds [static and dynamic dependencies]. Details - ImportResultOutputID=1a7ea8e231c950caa44ce67778aeae9c DependenciesID=0de3e6b6104b947add8d154aa2e010e9 StaticDependenciesID=1d14add21fbf7f90c2165e3349c52189 
Number of updated asset objects reloaded before import = 0
Number of asset objects unloaded after import = 1
========================================================================
Received Import Request.
  Time of request: 2026-08-05T19:21:38.2510374Z
  Time since last request: 0.0002011 seconds.
  importAddress: GUID: dcf8c1ce55f84b24a86867231c6a252d - Path: Assets/ScriptableObjects/Cards/7H.asset - Importer: ScriptedImporter/UnityEditor.QuickSearchModule:UnityEditor.Search:ASIAI0B
Importing 'GUID: dcf8c1ce55f84b24a86867231c6a252d - Path: Assets/ScriptableObjects/Cards/7H.asset - Importer: ScriptedImporter/UnityEditor.QuickSearchModule:UnityEditor.Search:ASIAI0B' with importer (ScriptedImporter : UnityEditor.QuickSearchModule:UnityEditor.Search:ASIAI0B)
Imported 'GUID: dcf8c1ce55f84b24a86867231c6a252d' -> (Import Result ID: 'e7bd53bcc534f0ed75dc62460bb80349') in 0.003 seconds [static and dynamic dependencies]. Details - ImportResultOutputID=5cf30d80c8cc103bbad21bfd42e60afa DependenciesID=989d210b7492767b455a48820ab432fe StaticDependenciesID=a2cff7840acf17d68883c8c4dff417b8 
Number of updated asset objects reloaded before import = 0
Number of asset objects unloaded after import = 1
========================================================================
Received Import Request.
  Time of request: 2026-08-05T19:21:38.260564Z
  Time since last request: 0.0002113 seconds.
  importAddress: GUID: ef8dde146b262ef48836ff24aa06563b - Path: Assets/ScriptableObjects/Cards/8H 1.asset - Importer: ScriptedImporter/UnityEditor.QuickSearchModule:UnityEditor.Search:ASIAI0B
Importing 'GUID: ef8dde146b262ef48836ff24aa06563b - Path: Assets/ScriptableObjects/Cards/8H 1.asset - Importer: ScriptedImporter/UnityEditor.QuickSearchModule:UnityEditor.Search:ASIAI0B' with importer (ScriptedImporter : UnityEditor.QuickSearchModule:UnityEditor.Search:ASIAI0B)
Imported 'GUID: ef8dde146b262ef48836ff24aa06563b' -> (Import Result ID: '36229ab19661c34998ed9655ae35a94e') in 0.002 seconds [static and dynamic dependencies]. Details - ImportResultOutputID=4624a575d8eeaef55ed1c29c779a04dc DependenciesID=a8e364fb84785fe8d8eaaed6d8b57485 StaticDependenciesID=e7a646d7cad87028355594bcdae7c325 
Number of updated asset objects reloaded before import = 0
Number of asset objects unloaded after import = 1
========================================================================
Received Import Request.
  Time of request: 2026-08-05T19:21:38.2702469Z
  Time since last request: 0.0003227 seconds.
  importAddress: GUID: 41d446528d4ff014eaef3a98ae20551d - Path: Assets/ScriptableObjects/Cards/8H.asset - Importer: ScriptedImporter/UnityEditor.QuickSearchModule:UnityEditor.Search:ASIAI0B
Importing 'GUID: 41d446528d4ff014eaef3a98ae20551d - Path: Assets/ScriptableObjects/Cards/8H.asset - Importer: ScriptedImporter/UnityEditor.QuickSearchModule:UnityEditor.Search:ASIAI0B' with importer (ScriptedImporter : UnityEditor.QuickSearchModule:UnityEditor.Search:ASIAI0B)
Imported 'GUID: 41d446528d4ff014eaef3a98ae20551d' -> (Import Result ID: '90b3479337f11820fd1033264b380809') in 0.002 seconds [static and dynamic dependencies]. Details - ImportResultOutputID=17644472ece9e8b119d4865a11862615 DependenciesID=4cb662aa946666badf06400b65f58903 StaticDependenciesID=47ea550ab6e6010a273f2e6f7c3a61ed 
Number of updated asset objects reloaded before import = 0
Number of asset objects unloaded after import = 1
========================================================================
Received Import Request.
  Time of request: 2026-08-05T19:21:38.280082Z
  Time since last request: 0.0002463 seconds.
  importAddress: GUID: f7303ac8b2d8c114590d0762976a2cae - Path: Assets/ScriptableObjects/Cards/KH.asset - Importer: ScriptedImporter/UnityEditor.QuickSearchModule:UnityEditor.Search:ASIAI0B
Importing 'GUID: f7303ac8b2d8c114590d0762976a2cae - Path: Assets/ScriptableObjects/Cards/KH.asset - Importer: ScriptedImporter/UnityEditor.QuickSearchModule:UnityEditor.Search:ASIAI0B' with importer (ScriptedImporter : UnityEditor.QuickSearchModule:UnityEditor.Search:ASIAI0B)
Imported 'GUID: f7303ac8b2d8c114590d0762976a2cae' -> (Import Result ID: 'fe616bd410d32fd4a4110141213ad6fb') in 0.002 seconds [static and dynamic dependencies]. Details - ImportResultOutputID=abdc1ab009c9455164d2de3dc52bd1d4 DependenciesID=fe5e82444d91f35147064dfea2b771b3 StaticDependenciesID=09863342300d84ea6d4330f0ed24d633 
Number of updated asset objects reloaded before import = 0
Number of asset objects unloaded after import = 1
========================================================================
Received Prepare
AcceleratorClientConnectionCallback - disconnected - :0
Unloading 22 Unused Serialized files (Serialized files now loaded: 0)
Unloading 22 unused Assets / (2.6 MB). Loaded Objects now: 8046.
Memory consumption went from 340.2 MB to 337.6 MB.
Total: 6.080600 ms (FindLiveObjects: 0.365500 ms CreateObjectMapping: 0.557100 ms MarkObjects: 4.733500 ms  DeleteObjects: 0.423800 ms)

Prepare: number of updated asset objects reloaded= 0
========================================================================
Received Import Request.
  Time of request: 2026-08-05T19:22:07.7194953Z
  Time since last request: 29.4295836 seconds.
  importAddress: GUID: 5f16326d9dc15834380d5134adc8d8be - Path: Assets/ScriptableObjects/Cards/1H 1.asset - Importer: ScriptedImporter/UnityEditor.QuickSearchModule:UnityEditor.Search:ASIAI0B
Importing 'GUID: 5f16326d9dc15834380d5134adc8d8be - Path: Assets/ScriptableObjects/Cards/1H 1.asset - Importer: ScriptedImporter/UnityEditor.QuickSearchModule:UnityEditor.Search:ASIAI0B' with importer (ScriptedImporter : UnityEditor.QuickSearchModule:UnityEditor.Search:ASIAI0B)
Imported 'GUID: 5f16326d9dc15834380d5134adc8d8be' -> (Import Result ID: '3082277903ca8203cb20070ea7d5ec4b') in 0.002 seconds [static and dynamic dependencies]. Details - ImportResultOutputID=ac11a2f059dfe7d77079265849e8791c DependenciesID=d38e0c4153c38ac0ce5d7b77f9df382f StaticDependenciesID=3fde8a2bd9b70c37cd4d5ea588e0e77f 
Number of updated asset objects reloaded before import = 0
Number of asset objects unloaded after import = 1
========================================================================
Received Prepare
AcceleratorClientConnectionCallback - disconnected - :0
Unloading 22 Unused Serialized files (Serialized files now loaded: 0)
Unloading 7141 unused Assets / (5.2 MB). Loaded Objects now: 8046.
Memory consumption went from 347.8 MB to 342.7 MB.
Total: 7.953200 ms (FindLiveObjects: 0.648900 ms CreateObjectMapping: 1.343000 ms MarkObjects: 4.267700 ms  DeleteObjects: 1.693200 ms)

Prepare: number of updated asset objects reloaded= 0
========================================================================
Received Prepare
AcceleratorClientConnectionCallback - disconnected - :0
[Licensing::Client] Successfully resolved entitlement details
Begin MonoManager ReloadAssembly
Native extension for WindowsStandalone target not found
[Package Manager] Failed to launch server process. Reason: Unity was launched with the -noUpm command-line argument
[Package Manager] Unable to send message (not connected to server process).
[Package Manager] Cannot connect to Unity Package Manager local server
[Package Manager] Failed to launch server process. Reason: Unity was launched with the -noUpm command-line argument
[Package Manager] Unable to send message (not connected to server process).
[Package Manager] Cannot connect to Unity Package Manager local server
ScheduleIndexationOnStartup MainProcess:False IndexOnStartup:True
Mono: successfully reloaded assembly
- Finished resetting the current domain, in  0.499 seconds
Domain Reload Profiling: 1081ms
	BeginReloadAssembly (158ms)
		DisableScriptedObjects (8ms)
		CreateAndSetChildDomain (40ms)
	RebuildCommonClasses (6ms)
	RebuildNativeTypeToScriptingClass (12ms)
	initialDomainReloadingComplete (41ms)
	LoadAllAssembliesAndSetupDomain (365ms)
		LoadAssemblies (206ms)
		AnalyzeDomain (139ms)
			TypeCache.Refresh (7ms)
			BuildScriptInfoCaches (125ms)
			ResolveRequiredComponents (6ms)
	FinalizeReload (499ms)
		SetupLoadedEditorAssemblies (0ms)
			BeforeProcessingInitializeOnLoad (62ms)
			ProcessInitializeOnLoadAttributes (195ms)
			ProcessInitializeOnLoadMethodAttributes (95ms)
			AfterProcessingInitializeOnLoad (3ms)
		AwakeInstancesAfterBackupRestoration (12ms)
Unloading 22 Unused Serialized files (Serialized files now loaded: 0)
Unloading 7156 unused Assets / (5.2 MB). Loaded Objects now: 8050.
Memory consumption went from 341.8 MB to 336.6 MB.
Total: 7.782700 ms (FindLiveObjects: 0.671600 ms CreateObjectMapping: 1.441100 ms MarkObjects: 3.888800 ms  DeleteObjects: 1.780900 ms)

Prepare: number of updated asset objects reloaded= 0
========================================================================
Received Prepare
AcceleratorClientConnectionCallback - disconnected - :0
Unloading 22 Unused Serialized files (Serialized files now loaded: 0)
Unloading 7141 unused Assets / (5.2 MB). Loaded Objects now: 8050.
Memory consumption went from 344.3 MB to 339.0 MB.
Total: 8.094200 ms (FindLiveObjects: 0.675300 ms CreateObjectMapping: 1.447000 ms MarkObjects: 4.070400 ms  DeleteObjects: 1.901200 ms)

Prepare: number of updated asset objects reloaded= 0
========================================================================
Received Prepare
AcceleratorClientConnectionCallback - disconnected - :0
[Licensing::Client] Successfully resolved entitlement details
Begin MonoManager ReloadAssembly
Native extension for WindowsStandalone target not found
[Package Manager] Failed to launch server process. Reason: Unity was launched with the -noUpm command-line argument
[Package Manager] Unable to send message (not connected to server process).
[Package Manager] Cannot connect to Unity Package Manager local server
[Package Manager] Failed to launch server process. Reason: Unity was launched with the -noUpm command-line argument
[Package Manager] Unable to send message (not connected to server process).
[Package Manager] Cannot connect to Unity Package Manager local server
ScheduleIndexationOnStartup MainProcess:False IndexOnStartup:True
Mono: successfully reloaded assembly
- Finished resetting the current domain, in  0.502 seconds
Domain Reload Profiling: 1059ms
	BeginReloadAssembly (147ms)
		DisableScriptedObjects (8ms)
		CreateAndSetChildDomain (35ms)
	RebuildCommonClasses (6ms)
	RebuildNativeTypeToScriptingClass (12ms)
	initialDomainReloadingComplete (35ms)
	LoadAllAssembliesAndSetupDomain (357ms)
		LoadAssemblies (195ms)
		AnalyzeDomain (141ms)
			TypeCache.Refresh (7ms)
			BuildScriptInfoCaches (127ms)
			ResolveRequiredComponents (5ms)
	FinalizeReload (502ms)
		SetupLoadedEditorAssemblies (0ms)
			BeforeProcessingInitializeOnLoad (60ms)
			ProcessInitializeOnLoadAttributes (198ms)
			ProcessInitializeOnLoadMethodAttributes (95ms)
		AwakeInstancesAfterBackupRestoration (12ms)
Unloading 22 Unused Serialized files (Serialized files now loaded: 0)
Unloading 7156 unused Assets / (5.1 MB). Loaded Objects now: 8053.
Memory consumption went from 346.7 MB to 341.6 MB.
Total: 7.511400 ms (FindLiveObjects: 0.651700 ms CreateObjectMapping: 1.401000 ms MarkObjects: 3.737200 ms  DeleteObjects: 1.720900 ms)

Prepare: number of updated asset objects reloaded= 0
