[Licensing::Module] Trying to connect to existing licensing client channel...
Built from '6000.5/staging' branch; Version is '6000.5.0f1 (88b47c5e7076) revision 8959100'; Using compiler version '194234433'; Build Type 'Release'
OS: 'Windows 10  (10.0.19045) 64bit Professional' Language: 'en' Physical Memory: 64640 MB
[Licensing::IpcConnector] Successfully connected to: "LicenseClient-Filip" at "2026-08-05T19:21:38.2271841Z"
BatchMode: 1, IsHumanControllingUs: 0, StartBugReporterOnCrash: 0, Is64bit: 1
System  architecture: x64
Process architecture: x64
Date: 2026-08-05T19:21:38Z

COMMAND LINE ARGUMENTS:
D:\Software\Unity Installs\6000.5.0f1\Editor\Unity.exe
-adb2
-batchMode
-noUpm
-name
AssetImportWorkerHW4
-projectPath
D:/Projects/Kobold Collective/CardGameTakeHomeStarter
-logFile
Logs/AssetImportWorkerHW4.log
-srvPort
52344
-parentPid
152800
-analyticsCloudUserId
3573578210267
-analyticsCloudProjectId
1304c6e3-abd4-4b49-8156-dccc98aa1145
-analyticsLocalProjectId
1a724b6c99c414aacad9983827ba13a6
-licensingIpc
LicenseClient-Filip
-noDiagnosticSwitchPersistentStore
-job-worker-count
15
-background-job-worker-count
8
-asset-garbage-collectors
1
-force-d3d12
-name
AssetImport
Successfully changed project path to: D:/Projects/Kobold Collective/CardGameTakeHomeStarter
D:/Projects/Kobold Collective/CardGameTakeHomeStarter
[UnityMemory] Configuration Parameters - Can be set up in boot.config
    "memorysetup-temp-allocator-size-gi-baking-worker=262144"
    "memorysetup-temp-allocator-size-gi-baking-worker=262144"
    "memorysetup-temp-allocator-size-gi-baking-worker=262144"
    "memorysetup-temp-allocator-size-gi-baking-worker=262144"
    "memorysetup-temp-allocator-size-gi-baking-worker=262144"
    "memorysetup-temp-allocator-size-nav-mesh-worker=65536"
    "memorysetup-temp-allocator-size-audio-worker=65536"
    "memorysetup-temp-allocator-size-cloud-worker=32768"
    "memorysetup-temp-allocator-size-gfx=262144"
    "memorysetup-temp-allocator-size-preload-manager=33554432"
    "memorysetup-allocator-temp-initial-block-size-main=262144"
    "memorysetup-allocator-temp-initial-block-size-worker=262144"
    "memorysetup-temp-allocator-size-job-worker=262144"
    "memorysetup-temp-allocator-size-background-worker=32768"
    "memorysetup-bucket-allocator-granularity=16"
    "memorysetup-bucket-allocator-bucket-count=8"
    "memorysetup-bucket-allocator-block-size=33554432"
    "memorysetup-bucket-allocator-block-count=8"
    "memorysetup-main-allocator-block-size=16777216"
    "memorysetup-thread-allocator-block-size=16777216"
    "memorysetup-main-allocator-mimalloc-enabled=0"
    "memorysetup-gfx-main-allocator-block-size=16777216"
    "memorysetup-gfx-thread-allocator-block-size=16777216"
    "memorysetup-cache-allocator-block-size=4194304"
    "memorysetup-typetree-allocator-block-size=2097152"
    "memorysetup-profiler-bucket-allocator-granularity=16"
    "memorysetup-profiler-bucket-allocator-bucket-count=8"
    "memorysetup-profiler-bucket-allocator-block-size=33554432"
    "memorysetup-profiler-bucket-allocator-block-count=8"
    "memorysetup-profiler-allocator-block-size=16777216"
    "memorysetup-profiler-editor-allocator-block-size=1048576"
    "memorysetup-temp-allocator-size-main=16777216"
    "memorysetup-job-temp-allocator-block-size=2097152"
    "memorysetup-job-temp-allocator-block-size-background=1048576"
    "memorysetup-job-temp-allocator-reduction-small-platforms=262144"
Player connection [160936]  Target information:

Player connection [160936]  * "[IP] 10.0.0.10 [Port] 0 [Flags] 2 [Guid] 433107385 [EditorId] 433107385 [Version] 1048832 [Id] WindowsEditor(7,DESKTOP-LOE394D) [Debug] 1 [PackageName] WindowsEditor [ProjectName] Editor" 

Player connection [160936]  * "[IP] 172.18.224.1 [Port] 0 [Flags] 2 [Guid] 433107385 [EditorId] 433107385 [Version] 1048832 [Id] WindowsEditor(7,DESKTOP-LOE394D) [Debug] 1 [PackageName] WindowsEditor [ProjectName] Editor" 

Player connection [160936] Host joined multi-casting on [225.0.0.222:54997]...
Player connection [160936] Host joined alternative multi-casting on [225.0.0.222:34997]...
JobSystem: Creating JobQueue using job-worker-count value 15
Input System module state changed to: Initialized.
[Physics::Module] Initialized fallback backend.
[Physics::Module] Id: 0xdecafbad
Library Redirect Path: Library/
[Physics::Module] Selected backend.
[Physics::Module] Name: PhysX
[Physics::Module] Id: 0xf2b8ea05
[Physics::Module] SDK Version: 4.1.2
[Physics::Module] Integration Version: 1.0.0
[Physics::Module] Threading Mode: Multi-Threaded
Refreshing native plugins compatible for Editor in 2.11 ms, found 5 plugins.
Initialize engine version: 6000.5.0f1 (88b47c5e7076)
[Subsystems] Discovering subsystems at path D:/Software/Unity Installs/6000.5.0f1/Editor/Data/Resources/UnitySubsystems
[Subsystems] Discovering subsystems at path D:/Projects/Kobold Collective/CardGameTakeHomeStarter/Assets
Forcing GfxDevice: Direct3D 12
GfxDevice: creating device client; kGfxThreadingModeNonThreaded
[Licensing::Client] Error: HandshakeResponse reported an error:
	ResponseCode: 505
	ResponseStatus: Unsupported protocol version '1.18.1'.
[Licensing::Module] Error: Failed to handshake to channel: "LicenseClient-Filip"
[Licensing::IpcConnector] LicenseClient-Filip channel disconnected successfully.
[Licensing::IpcConnector] Successfully connected to: "LicenseClient-Filip-6000.5.0" at "2026-08-05T19:21:38.7421694Z"
[Licensing::Client] Code 10 while verifying Licensing Client signature (process Id: 147064, path: "D:/Software/Unity Installs/6000.5.0f1/Editor/Data/Resources/Licensing/Client/Unity.Licensing.Client.exe")
[Licensing::Module] LicensingClient has failed validation; ignoring
[Licensing::Client] Handshaking with LicensingClient:
  Version:                 1.18.1+9fbee8e
  Session Id:              e27b28096ac14b688f1c295e2e954145
  Correlation Id:          bcd0b9034ca66867d35565447fea9d3d
  External correlation Id: 4608511350597947727
  Machine Id:              WdbJyY1ohjOZjQBbuRdciEBLWqo=
[Licensing::Module] Successfully connected to LicensingClient on channel: "LicenseClient-Filip-6000.5.0" (connect: 0.01s, validation: 0.00s, handshake: 0.00s)
[Licensing::IpcConnector] Successfully connected to: "LicenseClient-Filip-6000.5.0-notifications" at "2026-08-05T19:21:38.7457718Z"
[Licensing::Module] Licensing Background thread has ended after 0.52s
d3d12: failed to query info queue interface (0x80004002).
Direct3D:
    Version:         Direct3D 12 [level 12.2]
    Renderer:        NVIDIA GeForce RTX 4070 Ti SUPER (ID=0x2689)
    Vendor:          NVIDIA
    VRAM:            16061 MB
    App VRAM Budget: 15293 MB
    Driver:          32.0.16.1062
Initialize mono
Mono path[0] = 'D:/Software/Unity Installs/6000.5.0f1/Editor/Data/Managed'
Mono path[1] = 'D:/Software/Unity Installs/6000.5.0f1/Editor/Data/BCLExtensions/runtime/netstandard2.1'
Mono path[2] = 'D:/Software/Unity Installs/6000.5.0f1/Editor/Data/MonoBleedingEdge/lib/mono/unityjit-win32'
Mono config path = 'D:/Software/Unity Installs/6000.5.0f1/Editor/Data/MonoBleedingEdge/etc'
Using monoOptions --debugger-agent=transport=dt_socket,embedding=1,server=y,suspend=n,address=127.0.0.1:56944
CodeReloadManager initialized
Begin MonoManager ReloadAssembly
Registering precompiled unity dll's ...
Register platform support module: D:/Software/Unity Installs/6000.5.0f1/Editor/Data/PlaybackEngines/WindowsStandaloneSupport/UnityEditor.WindowsStandalone.Extensions.dll
Registered in 0.000713 seconds.
Native extension for WindowsStandalone target not found
Package Manager log level set to [2]
[Package Manager] Failed to launch server process. Reason: Unity was launched with the -noUpm command-line argument
[Package Manager] Unable to send message (not connected to server process).
[Package Manager] Cannot connect to Unity Package Manager local server
ScheduleIndexationOnStartup MainProcess:False IndexOnStartup:True
Mono: successfully reloaded assembly
- Finished resetting the current domain, in  0.251 seconds
Domain Reload Profiling: 559ms
	BeginReloadAssembly (79ms)
	RebuildCommonClasses (3ms)
	RebuildNativeTypeToScriptingClass (11ms)
	initialDomainReloadingComplete (35ms)
	LoadAllAssembliesAndSetupDomain (176ms)
		LoadAssemblies (78ms)
		AnalyzeDomain (129ms)
			TypeCache.Refresh (128ms)
				TypeCache.ScanAssembly (119ms)
	FinalizeReload (253ms)
		SetupLoadedEditorAssemblies (0ms)
			BeforeProcessingInitializeOnLoad (61ms)
			ProcessInitializeOnLoadAttributes (64ms)
			ProcessInitializeOnLoadMethodAttributes (72ms)
Initializing Unity extensions:
[Licensing::Client] Successfully resolved entitlement details
[Licensing::Module] License group:
  Id: 3573578210267-UnityPersXXXX
  Product: Unity Personal
  Type: Assigned
  Expiration: Unlimited
Curl error 3: URL rejected: Malformed input to a URL function
========================================================================
Worker process is ready to serve import requests
Import Worker Mode flag is 0x00
Begin MonoManager ReloadAssembly
Native extension for WindowsStandalone target not found
[Package Manager] Failed to launch server process. Reason: Unity was launched with the -noUpm command-line argument
[Package Manager] Unable to send message (not connected to server process).
[Package Manager] Cannot connect to Unity Package Manager local server
[Package Manager] Failed to launch server process. Reason: Unity was launched with the -noUpm command-line argument
[Package Manager] Unable to send message (not connected to server process).
[Package Manager] Cannot connect to Unity Package Manager local server
ScheduleIndexationOnStartup MainProcess:False IndexOnStartup:True
Mono: successfully reloaded assembly
- Finished resetting the current domain, in  0.564 seconds
Domain Reload Profiling: 1132ms
	BeginReloadAssembly (121ms)
		DisableScriptedObjects (4ms)
		CreateAndSetChildDomain (22ms)
	RebuildCommonClasses (6ms)
	RebuildNativeTypeToScriptingClass (12ms)
	initialDomainReloadingComplete (32ms)
	LoadAllAssembliesAndSetupDomain (397ms)
		LoadAssemblies (207ms)
		AnalyzeDomain (181ms)
			TypeCache.Refresh (121ms)
				TypeCache.ScanAssembly (110ms)
			BuildScriptInfoCaches (54ms)
			ResolveRequiredComponents (5ms)
	FinalizeReload (565ms)
		SetupLoadedEditorAssemblies (0ms)
			BeforeProcessingInitializeOnLoad (61ms)
			ProcessInitializeOnLoadAttributes (219ms)
			ProcessInitializeOnLoadMethodAttributes (172ms)
AcceleratorClientConnectionCallback - disconnected - :0
Launched and connected shader compiler UnityShaderCompiler.exe after 0.01 seconds
Unloading 22 Unused Serialized files (Serialized files now loaded: 0)
Curl error 3: URL rejected: Malformed input to a URL function
Unloading 7158 unused Assets / (5.8 MB). Loaded Objects now: 8043.
Memory consumption went from 345.1 MB to 339.4 MB.
Total: 8.798900 ms (FindLiveObjects: 0.649300 ms CreateObjectMapping: 1.401000 ms MarkObjects: 4.579400 ms  DeleteObjects: 2.167100 ms)

========================================================================
Received Import Request.
  Time of request: 2026-08-05T19:21:46.4004506Z
  Time since last request: 756007.4332080000313 seconds.
  importAddress: GUID: 5f16326d9dc15834380d5134adc8d8be - Path: Assets/ScriptableObjects/Cards/1D.asset - Importer: PreviewImporter
Importing 'GUID: 5f16326d9dc15834380d5134adc8d8be - Path: Assets/ScriptableObjects/Cards/1D.asset - Importer: PreviewImporter' with importer (PreviewImporter)
Imported 'GUID: 5f16326d9dc15834380d5134adc8d8be' -> (Import Result ID: 'ce5f7cba2f5bff0337890f7f4e8bd2a3') in 0.017 seconds [static and dynamic dependencies]. Details - ImportResultOutputID=8a74eabdff38f0694b51cea9b2988c57 DependenciesID=efb2e7b9a5b07e89bdf2cbcb6349e9ea StaticDependenciesID=1db52a16cad2f41577bcfd31c596ecca 
Number of updated asset objects reloaded before import = 0
Number of asset objects unloaded after import = 1
========================================================================
Received Import Request.
  Time of request: 2026-08-05T19:21:47.3744486Z
  Time since last request: 0.9479427 seconds.
  importAddress: GUID: 5f16326d9dc15834380d5134adc8d8be - Path: Assets/ScriptableObjects/Cards/1D.asset - Importer: ScriptedImporter/UnityEditor.QuickSearchModule:UnityEditor.Search:ASIAI0B
Importing 'GUID: 5f16326d9dc15834380d5134adc8d8be - Path: Assets/ScriptableObjects/Cards/1D.asset - Importer: ScriptedImporter/UnityEditor.QuickSearchModule:UnityEditor.Search:ASIAI0B' with importer (ScriptedImporter : UnityEditor.QuickSearchModule:UnityEditor.Search:ASIAI0B)
Imported 'GUID: 5f16326d9dc15834380d5134adc8d8be' -> (Import Result ID: '9b9c9d18c7a054127d6b43fc9c44612f') in 0.048 seconds [static and dynamic dependencies]. Details - ImportResultOutputID=4d7b5bed9410a833a162a8f34d0eacb2 DependenciesID=af799276d83fc464daaf6424a81d19eb StaticDependenciesID=e4306189490eb4a1e1754b904f8a8dbb 
Number of updated asset objects reloaded before import = 0
Number of asset objects unloaded after import = 1
========================================================================
Received Import Request.
  Time of request: 2026-08-05T19:21:47.6475861Z
  Time since last request: 0.2186271 seconds.
  importAddress: GUID: 21a5199b379f81841bc1689a9dce662d - Path: Assets/ScriptableObjects/Cards/2H 1.asset - Importer: PreviewImporter
Importing 'GUID: 21a5199b379f81841bc1689a9dce662d - Path: Assets/ScriptableObjects/Cards/2H 1.asset - Importer: PreviewImporter' with importer (PreviewImporter)
Imported 'GUID: 21a5199b379f81841bc1689a9dce662d' -> (Import Result ID: 'a663a3c6df20b18babc7f4c499673307') in 0.001 seconds [static and dynamic dependencies]. Details - ImportResultOutputID=69d477d27f7c70eaa1291ede39785709 DependenciesID=0e2ad416ab772630856c780b4e639af2 StaticDependenciesID=ecdc0b0a54afc65d2586c18b4e988884 
Number of updated asset objects reloaded before import = 0
Number of asset objects unloaded after import = 1
========================================================================
Received Import Request.
  Time of request: 2026-08-05T19:21:49.9776007Z
  Time since last request: 2.3225245 seconds.
  importAddress: GUID: 21a5199b379f81841bc1689a9dce662d - Path: Assets/ScriptableObjects/Cards/2D.asset - Importer: PreviewImporter
Importing 'GUID: 21a5199b379f81841bc1689a9dce662d - Path: Assets/ScriptableObjects/Cards/2D.asset - Importer: PreviewImporter' with importer (PreviewImporter)
Imported 'GUID: 21a5199b379f81841bc1689a9dce662d' -> (Import Result ID: '9ea994dff6bf926584cca7c32c41d0ca') in 0.001 seconds [static and dynamic dependencies]. Details - ImportResultOutputID=69d477d27f7c70eaa1291ede39785709 DependenciesID=98d9dddd9a54ddccf2a75837f25f65fc StaticDependenciesID=0a89f3e3f80f533e32a004449c88cfbe 
Number of updated asset objects reloaded before import = 0
Number of asset objects unloaded after import = 1
========================================================================
Received Import Request.
  Time of request: 2026-08-05T19:21:50.9537722Z
  Time since last request: 0.9685304 seconds.
  importAddress: GUID: 21a5199b379f81841bc1689a9dce662d - Path: Assets/ScriptableObjects/Cards/2D.asset - Importer: ScriptedImporter/UnityEditor.QuickSearchModule:UnityEditor.Search:ASIAI0B
Importing 'GUID: 21a5199b379f81841bc1689a9dce662d - Path: Assets/ScriptableObjects/Cards/2D.asset - Importer: ScriptedImporter/UnityEditor.QuickSearchModule:UnityEditor.Search:ASIAI0B' with importer (ScriptedImporter : UnityEditor.QuickSearchModule:UnityEditor.Search:ASIAI0B)
Imported 'GUID: 21a5199b379f81841bc1689a9dce662d' -> (Import Result ID: 'eadc2d848ad7dadf3b94d35605ab19e0') in 0.003 seconds [static and dynamic dependencies]. Details - ImportResultOutputID=5cc73e2f853e18317ea8fdc3436b648f DependenciesID=c1c35d7c991608a3e8df56c67ca5d5c7 StaticDependenciesID=ca17949f391236663ffdffcbb2ffb8e5 
Number of updated asset objects reloaded before import = 0
Number of asset objects unloaded after import = 1
========================================================================
Received Import Request.
  Time of request: 2026-08-05T19:21:52.1682588Z
  Time since last request: 1.2043395 seconds.
  importAddress: GUID: fa15943508611c248b28c14f07a5937d - Path: Assets/ScriptableObjects/Cards/3H 1.asset - Importer: PreviewImporter
Importing 'GUID: fa15943508611c248b28c14f07a5937d - Path: Assets/ScriptableObjects/Cards/3H 1.asset - Importer: PreviewImporter' with importer (PreviewImporter)
Imported 'GUID: fa15943508611c248b28c14f07a5937d' -> (Import Result ID: 'abfbe6d7d0ae150950eba660c07066b1') in 0.001 seconds [static and dynamic dependencies]. Details - ImportResultOutputID=ca394a13849aabc9e2149b89e83acec8 DependenciesID=a7e0cedca76f7a95ee8fa775be7e0510 StaticDependenciesID=384aab3cdc3e7d29e8702dce92777b0d 
Number of updated asset objects reloaded before import = 0
Number of asset objects unloaded after import = 1
========================================================================
Received Prepare
AcceleratorClientConnectionCallback - disconnected - :0
Unloading 22 Unused Serialized files (Serialized files now loaded: 0)
Unloading 22 unused Assets / (2.6 MB). Loaded Objects now: 8046.
Memory consumption went from 339.8 MB to 337.2 MB.
Total: 5.820800 ms (FindLiveObjects: 0.376000 ms CreateObjectMapping: 0.564900 ms MarkObjects: 4.451400 ms  DeleteObjects: 0.428100 ms)

Prepare: number of updated asset objects reloaded= 0
========================================================================
Received Import Request.
  Time of request: 2026-08-05T19:22:06.7297112Z
  Time since last request: 14.5536488 seconds.
  importAddress: GUID: 5f16326d9dc15834380d5134adc8d8be - Path: Assets/ScriptableObjects/Cards/1H 1.asset - Importer: PreviewImporter
Importing 'GUID: 5f16326d9dc15834380d5134adc8d8be - Path: Assets/ScriptableObjects/Cards/1H 1.asset - Importer: PreviewImporter' with importer (PreviewImporter)
Imported 'GUID: 5f16326d9dc15834380d5134adc8d8be' -> (Import Result ID: '08e360dc780d04f8bb0502b22a7b9a92') in 0.001 seconds [static and dynamic dependencies]. Details - ImportResultOutputID=8a74eabdff38f0694b51cea9b2988c57 DependenciesID=199e1aa95ed1e9df411af6c271604bef StaticDependenciesID=bdfccc112a84c53072aa5af2f28f6355 
Number of updated asset objects reloaded before import = 0
Number of asset objects unloaded after import = 1
========================================================================
Received Import Request.
  Time of request: 2026-08-05T19:22:07.7194673Z
  Time since last request: 0.9814959 seconds.
  importAddress: GUID: 21a5199b379f81841bc1689a9dce662d - Path: Assets/ScriptableObjects/Cards/2H 1.asset - Importer: ScriptedImporter/UnityEditor.QuickSearchModule:UnityEditor.Search:ASIAI0B
Importing 'GUID: 21a5199b379f81841bc1689a9dce662d - Path: Assets/ScriptableObjects/Cards/2H 1.asset - Importer: ScriptedImporter/UnityEditor.QuickSearchModule:UnityEditor.Search:ASIAI0B' with importer (ScriptedImporter : UnityEditor.QuickSearchModule:UnityEditor.Search:ASIAI0B)
Imported 'GUID: 21a5199b379f81841bc1689a9dce662d' -> (Import Result ID: '5b0aeb991c327e7a4e119d96fe8be085') in 0.002 seconds [static and dynamic dependencies]. Details - ImportResultOutputID=bc114e97dd314d128586ee6c279f622c DependenciesID=6b42621f261139debb66828c27a06f49 StaticDependenciesID=2c0f70a116c05b44a82bcee2d55b71ab 
Number of updated asset objects reloaded before import = 0
Number of asset objects unloaded after import = 1
========================================================================
Received Import Request.
  Time of request: 2026-08-05T19:22:10.1309052Z
  Time since last request: 2.4022259 seconds.
  importAddress: GUID: f7303ac8b2d8c114590d0762976a2cae - Path: Assets/ScriptableObjects/Cards/KH.asset - Importer: PreviewImporter
Importing 'GUID: f7303ac8b2d8c114590d0762976a2cae - Path: Assets/ScriptableObjects/Cards/KH.asset - Importer: PreviewImporter' with importer (PreviewImporter)
Imported 'GUID: f7303ac8b2d8c114590d0762976a2cae' -> (Import Result ID: 'dc610e1ffe002f2e49a6ed21dbaaf989') in 0.001 seconds [static and dynamic dependencies]. Details - ImportResultOutputID=380fdb2e94ba245c563883b297666502 DependenciesID=a2035f84abc01b4cddab5541853a7635 StaticDependenciesID=92a0393a71a82f5641e18c7f90087052 
Number of updated asset objects reloaded before import = 0
Number of asset objects unloaded after import = 1
========================================================================
Received Import Request.
  Time of request: 2026-08-05T19:22:10.8542297Z
  Time since last request: 0.7160536 seconds.
  importAddress: GUID: 2fd445afe00f98f458e7dfd5439a4df2 - Path: Assets/ScriptableObjects/Cards/QH.asset - Importer: PreviewImporter
Importing 'GUID: 2fd445afe00f98f458e7dfd5439a4df2 - Path: Assets/ScriptableObjects/Cards/QH.asset - Importer: PreviewImporter' with importer (PreviewImporter)
Imported 'GUID: 2fd445afe00f98f458e7dfd5439a4df2' -> (Import Result ID: '4e2116d0d3fd384e6795f1c57e540c74') in 0.001 seconds [static and dynamic dependencies]. Details - ImportResultOutputID=fd0194ba792a93ad73394f32c922550e DependenciesID=498cdbdf3a2f16a62815066770479348 StaticDependenciesID=bf16f73f3d04536d38864c07cad0f62f 
Number of updated asset objects reloaded before import = 0
Number of asset objects unloaded after import = 1
========================================================================
Received Import Request.
  Time of request: 2026-08-05T19:22:12.4654948Z
  Time since last request: 1.6037239 seconds.
  importAddress: GUID: 11948a6a957e68a45a2c3278e30c1adb - Path: Assets/ScriptableObjects/Cards/JH.asset - Importer: PreviewImporter
Importing 'GUID: 11948a6a957e68a45a2c3278e30c1adb - Path: Assets/ScriptableObjects/Cards/JH.asset - Importer: PreviewImporter' with importer (PreviewImporter)
Imported 'GUID: 11948a6a957e68a45a2c3278e30c1adb' -> (Import Result ID: '07a3d014da48337b27c070c761d57e13') in 0.001 seconds [static and dynamic dependencies]. Details - ImportResultOutputID=f34389d6f65c3d0564094f8350e2ab5d DependenciesID=fd3fe3a6b065f829a1b11724091748c0 StaticDependenciesID=3dfdeb5b5085c015529c6d8106ac7a4b 
Number of updated asset objects reloaded before import = 0
Number of asset objects unloaded after import = 1
========================================================================
Received Import Request.
  Time of request: 2026-08-05T19:22:29.1969869Z
  Time since last request: 16.724139 seconds.
  importAddress: GUID: e24e42b5a4790ef49938029a5bcc5f16 - Path: Assets/ScriptableObjects/Cards/QH 1.asset - Importer: PreviewImporter
Importing 'GUID: e24e42b5a4790ef49938029a5bcc5f16 - Path: Assets/ScriptableObjects/Cards/QH 1.asset - Importer: PreviewImporter' with importer (PreviewImporter)
Imported 'GUID: e24e42b5a4790ef49938029a5bcc5f16' -> (Import Result ID: '2192bb1107798799fc30f11dac7777b1') in 0.001 seconds [static and dynamic dependencies]. Details - ImportResultOutputID=d8c42bd996f57e1900331195b8bb4f08 DependenciesID=3c713e512839d97113e9812f77ec3ba0 StaticDependenciesID=f31c27cd65fe48b3b21aa05d76ee075a 
Number of updated asset objects reloaded before import = 0
Number of asset objects unloaded after import = 1
========================================================================
Received Import Request.
  Time of request: 2026-08-05T19:22:30.7051599Z
  Time since last request: 1.5002927 seconds.
  importAddress: GUID: 9a585e1f8ae184549884f9a0b7df23e1 - Path: Assets/ScriptableObjects/Cards/KH 1.asset - Importer: PreviewImporter
Importing 'GUID: 9a585e1f8ae184549884f9a0b7df23e1 - Path: Assets/ScriptableObjects/Cards/KH 1.asset - Importer: PreviewImporter' with importer (PreviewImporter)
Imported 'GUID: 9a585e1f8ae184549884f9a0b7df23e1' -> (Import Result ID: 'e8c964e362229232467cbd07dd08655f') in 0.001 seconds [static and dynamic dependencies]. Details - ImportResultOutputID=72e24206dcc7148ff2550c61e32f30d8 DependenciesID=fe1dff2d713f3aa27cd51423e0ff313e StaticDependenciesID=b6e50ce9fdc50f29f55f2116de2177c8 
Number of updated asset objects reloaded before import = 0
Number of asset objects unloaded after import = 1
========================================================================
Received Import Request.
  Time of request: 2026-08-05T19:22:47.883875Z
  Time since last request: 17.1710216 seconds.
  importAddress: GUID: d092a664050e4b14e8ef6477611a733e - Path: Assets/ScriptableObjects/Cards/5H.asset - Importer: PreviewImporter
Importing 'GUID: d092a664050e4b14e8ef6477611a733e - Path: Assets/ScriptableObjects/Cards/5H.asset - Importer: PreviewImporter' with importer (PreviewImporter)
Imported 'GUID: d092a664050e4b14e8ef6477611a733e' -> (Import Result ID: '8ac2e8bc955cb66ba553c6656c19463a') in 0.001 seconds [static and dynamic dependencies]. Details - ImportResultOutputID=a9d79d15eb150ba43c79321434dceec6 DependenciesID=60ee1d4c29202d727796f6028273aea4 StaticDependenciesID=21b4e369631adbd097cea4a83a1e6ee4 
Number of updated asset objects reloaded before import = 0
Number of asset objects unloaded after import = 1
========================================================================
Received Import Request.
  Time of request: 2026-08-05T19:22:48.0647484Z
  Time since last request: 0.1729975 seconds.
  importAddress: GUID: d99f69c5871d0f948abedab771b48ac5 - Path: Assets/ScriptableObjects/Cards/6H.asset - Importer: PreviewImporter
Importing 'GUID: d99f69c5871d0f948abedab771b48ac5 - Path: Assets/ScriptableObjects/Cards/6H.asset - Importer: PreviewImporter' with importer (PreviewImporter)
Imported 'GUID: d99f69c5871d0f948abedab771b48ac5' -> (Import Result ID: '564d7b7b6d8cba6af9839e29cb7dede4') in 0.001 seconds [static and dynamic dependencies]. Details - ImportResultOutputID=0401cc4898bfea4d617f40633c3fe31f DependenciesID=7e76d0b7217a31893743412ff575298f StaticDependenciesID=9ed62f50bf10b5c2ffdb5de5a34c8962 
Number of updated asset objects reloaded before import = 0
Number of asset objects unloaded after import = 1
========================================================================
Received Import Request.
  Time of request: 2026-08-05T19:22:48.2538631Z
  Time since last request: 0.1815483 seconds.
  importAddress: GUID: dcf8c1ce55f84b24a86867231c6a252d - Path: Assets/ScriptableObjects/Cards/7H.asset - Importer: PreviewImporter
Importing 'GUID: dcf8c1ce55f84b24a86867231c6a252d - Path: Assets/ScriptableObjects/Cards/7H.asset - Importer: PreviewImporter' with importer (PreviewImporter)
Imported 'GUID: dcf8c1ce55f84b24a86867231c6a252d' -> (Import Result ID: 'e9ba928f0ab05023977566d41a4f7c9a') in 0.001 seconds [static and dynamic dependencies]. Details - ImportResultOutputID=3328f57a775f59c58ab381b1bddfb70a DependenciesID=e481199fd4a2be50841485c5e917affa StaticDependenciesID=79458529d2d8c24e5ea527209a49cd21 
Number of updated asset objects reloaded before import = 0
Number of asset objects unloaded after import = 1
========================================================================
Received Import Request.
  Time of request: 2026-08-05T19:22:48.4539855Z
  Time since last request: 0.1925086 seconds.
  importAddress: GUID: 41d446528d4ff014eaef3a98ae20551d - Path: Assets/ScriptableObjects/Cards/8H.asset - Importer: PreviewImporter
Importing 'GUID: 41d446528d4ff014eaef3a98ae20551d - Path: Assets/ScriptableObjects/Cards/8H.asset - Importer: PreviewImporter' with importer (PreviewImporter)
Imported 'GUID: 41d446528d4ff014eaef3a98ae20551d' -> (Import Result ID: 'd19a7e4c4226de5bf0de6417367aba7b') in 0.001 seconds [static and dynamic dependencies]. Details - ImportResultOutputID=5df29a9e7e5a2674b993249adac88b61 DependenciesID=75785ba021b3be508a7286e202151503 StaticDependenciesID=1e96eef4fdcef89ebfdc166cf4e44144 
Number of updated asset objects reloaded before import = 0
Number of asset objects unloaded after import = 1
========================================================================
Received Import Request.
  Time of request: 2026-08-05T19:22:48.6452486Z
  Time since last request: 0.1841634 seconds.
  importAddress: GUID: 39bf6f8f95b301a479f7e8cd481bf6a8 - Path: Assets/ScriptableObjects/Cards/9H.asset - Importer: PreviewImporter
Importing 'GUID: 39bf6f8f95b301a479f7e8cd481bf6a8 - Path: Assets/ScriptableObjects/Cards/9H.asset - Importer: PreviewImporter' with importer (PreviewImporter)
Imported 'GUID: 39bf6f8f95b301a479f7e8cd481bf6a8' -> (Import Result ID: 'b849e41c81f5dc00f0da2720a2c2ff1a') in 0.001 seconds [static and dynamic dependencies]. Details - ImportResultOutputID=2401b46e74246c7789592a64df808686 DependenciesID=1d6837cb16e05fabbba10f274d9b421b StaticDependenciesID=a9ae3fc01e3c05cca33a3ca3449068c6 
Number of updated asset objects reloaded before import = 0
Number of asset objects unloaded after import = 1
========================================================================
Received Import Request.
  Time of request: 2026-08-05T19:22:48.8492752Z
  Time since last request: 0.196065 seconds.
  importAddress: GUID: 75e85b9a56b907d4aa1e4f0e1e686792 - Path: Assets/ScriptableObjects/Cards/10H.asset - Importer: PreviewImporter
Importing 'GUID: 75e85b9a56b907d4aa1e4f0e1e686792 - Path: Assets/ScriptableObjects/Cards/10H.asset - Importer: PreviewImporter' with importer (PreviewImporter)
Imported 'GUID: 75e85b9a56b907d4aa1e4f0e1e686792' -> (Import Result ID: 'a8681edb87d257befaadcf5be51f8ff0') in 0.001 seconds [static and dynamic dependencies]. Details - ImportResultOutputID=ca1b768d5a2b8fd15bb37fa0cb0b3cf2 DependenciesID=bf73bd9d1fd0d76c6f3f7945d5474d40 StaticDependenciesID=1bf3a3161c2fcaeeaaa1560d30a32495 
Number of updated asset objects reloaded before import = 0
Number of asset objects unloaded after import = 1
========================================================================
Received Prepare
AcceleratorClientConnectionCallback - disconnected - :0
Unloading 22 Unused Serialized files (Serialized files now loaded: 0)
Unloading 7141 unused Assets / (5.4 MB). Loaded Objects now: 8046.
Memory consumption went from 345.1 MB to 339.8 MB.
Total: 8.746100 ms (FindLiveObjects: 0.784300 ms CreateObjectMapping: 1.708200 ms MarkObjects: 4.341100 ms  DeleteObjects: 1.912100 ms)

Prepare: number of updated asset objects reloaded= 0
========================================================================
Received Prepare
AcceleratorClientConnectionCallback - disconnected - :0
[Licensing::Client] Successfully resolved entitlement details
Begin MonoManager ReloadAssembly
Native extension for WindowsStandalone target not found
[Package Manager] Failed to launch server process. Reason: Unity was launched with the -noUpm command-line argument
[Package Manager] Unable to send message (not connected to server process).
[Package Manager] Cannot connect to Unity Package Manager local server
[Package Manager] Failed to launch server process. Reason: Unity was launched with the -noUpm command-line argument
[Package Manager] Unable to send message (not connected to server process).
[Package Manager] Cannot connect to Unity Package Manager local server
ScheduleIndexationOnStartup MainProcess:False IndexOnStartup:True
Mono: successfully reloaded assembly
- Finished resetting the current domain, in  0.500 seconds
Domain Reload Profiling: 1082ms
	BeginReloadAssembly (159ms)
		DisableScriptedObjects (8ms)
		CreateAndSetChildDomain (39ms)
	RebuildCommonClasses (6ms)
	RebuildNativeTypeToScriptingClass (12ms)
	initialDomainReloadingComplete (42ms)
	LoadAllAssembliesAndSetupDomain (364ms)
		LoadAssemblies (207ms)
		AnalyzeDomain (139ms)
			TypeCache.Refresh (7ms)
			BuildScriptInfoCaches (125ms)
			ResolveRequiredComponents (5ms)
	FinalizeReload (501ms)
		SetupLoadedEditorAssemblies (0ms)
			BeforeProcessingInitializeOnLoad (62ms)
			ProcessInitializeOnLoadAttributes (195ms)
			ProcessInitializeOnLoadMethodAttributes (96ms)
			AfterProcessingInitializeOnLoad (3ms)
		AwakeInstancesAfterBackupRestoration (12ms)
Unloading 22 Unused Serialized files (Serialized files now loaded: 0)
Unloading 7156 unused Assets / (5.3 MB). Loaded Objects now: 8050.
Memory consumption went from 338.1 MB to 332.8 MB.
Total: 8.139000 ms (FindLiveObjects: 0.665400 ms CreateObjectMapping: 1.619500 ms MarkObjects: 3.952100 ms  DeleteObjects: 1.901600 ms)

Prepare: number of updated asset objects reloaded= 0
========================================================================
Received Prepare
AcceleratorClientConnectionCallback - disconnected - :0
Unloading 22 Unused Serialized files (Serialized files now loaded: 0)
Unloading 7141 unused Assets / (5.4 MB). Loaded Objects now: 8050.
Memory consumption went from 340.5 MB to 335.1 MB.
Total: 8.271000 ms (FindLiveObjects: 0.676000 ms CreateObjectMapping: 1.843200 ms MarkObjects: 3.802100 ms  DeleteObjects: 1.949200 ms)

Prepare: number of updated asset objects reloaded= 0
========================================================================
Received Prepare
AcceleratorClientConnectionCallback - disconnected - :0
[Licensing::Client] Successfully resolved entitlement details
Begin MonoManager ReloadAssembly
Native extension for WindowsStandalone target not found
[Package Manager] Failed to launch server process. Reason: Unity was launched with the -noUpm command-line argument
[Package Manager] Unable to send message (not connected to server process).
[Package Manager] Cannot connect to Unity Package Manager local server
[Package Manager] Failed to launch server process. Reason: Unity was launched with the -noUpm command-line argument
[Package Manager] Unable to send message (not connected to server process).
[Package Manager] Cannot connect to Unity Package Manager local server
ScheduleIndexationOnStartup MainProcess:False IndexOnStartup:True
Mono: successfully reloaded assembly
- Finished resetting the current domain, in  0.502 seconds
Domain Reload Profiling: 1061ms
	BeginReloadAssembly (149ms)
		DisableScriptedObjects (9ms)
		CreateAndSetChildDomain (34ms)
	RebuildCommonClasses (6ms)
	RebuildNativeTypeToScriptingClass (12ms)
	initialDomainReloadingComplete (34ms)
	LoadAllAssembliesAndSetupDomain (358ms)
		LoadAssemblies (195ms)
		AnalyzeDomain (143ms)
			TypeCache.Refresh (7ms)
			BuildScriptInfoCaches (128ms)
			ResolveRequiredComponents (6ms)
	FinalizeReload (502ms)
		SetupLoadedEditorAssemblies (0ms)
			BeforeProcessingInitializeOnLoad (60ms)
			ProcessInitializeOnLoadAttributes (195ms)
			ProcessInitializeOnLoadMethodAttributes (98ms)
		AwakeInstancesAfterBackupRestoration (12ms)
Unloading 22 Unused Serialized files (Serialized files now loaded: 0)
Unloading 7156 unused Assets / (5.2 MB). Loaded Objects now: 8053.
Memory consumption went from 342.9 MB to 337.7 MB.
Total: 7.991500 ms (FindLiveObjects: 0.651000 ms CreateObjectMapping: 1.385200 ms MarkObjects: 4.112500 ms  DeleteObjects: 1.842400 ms)

Prepare: number of updated asset objects reloaded= 0
